== Terraform apply ==
[0m[1mInitializing the backend...[0m
[0m[32m
Successfully configured the backend "s3"! Terraform will automatically
use this backend unless the backend configuration changes.[0m

[0m[1mInitializing modules...[0m
- app_servers in modules/app_server

[0m[1mInitializing provider plugins...[0m
- Reusing previous version of hashicorp/aws from the dependency lock file
- Installing hashicorp/aws v5.100.0...
- Installed hashicorp/aws v5.100.0 (signed by HashiCorp)


[0m[1m[32mTerraform has been successfully initialized![0m[32m[0m
[0m[32m
You may now begin working with Terraform. Try running "terraform plan" to see
any changes that are required for your infrastructure. All Terraform commands
should now work.

If you ever set or change modules or backend configuration for Terraform,
rerun this command to reinitialize your working directory. If you forget, other
commands will detect it and remind you to do so if necessary.[0m
[0m[1mdata.aws_ami.ubuntu: Reading...[0m[0m
[0m[1mmodule.app_servers["api"].aws_security_group.kijanikiosk: Refreshing state... [id=sg-080b10aab9d8b430f][0m
[0m[1mmodule.app_servers["payments"].aws_security_group.kijanikiosk: Refreshing state... [id=sg-0274d99e4778c63be][0m
[0m[1mmodule.app_servers["logs"].aws_security_group.kijanikiosk: Refreshing state... [id=sg-06a9e88fdc497e374][0m
[0m[1mdata.aws_ami.ubuntu: Read complete after 0s [id=ami-075d460850002adb0][0m
[0m[1mmodule.app_servers["logs"].aws_instance.this: Refreshing state... [id=i-08757dd2f81f428f9][0m
[0m[1mmodule.app_servers["api"].aws_instance.this: Refreshing state... [id=i-0754c9ff257b8cc95][0m
[0m[1mmodule.app_servers["payments"].aws_instance.this: Refreshing state... [id=i-0becda1c7843ea0bb][0m

[0m[1m[32mNo changes.[0m[1m Your infrastructure matches the configuration.[0m

[0mTerraform has compared your real infrastructure against your configuration
and found no differences, so no changes are needed.
Releasing state lock. This may take a few moments...
[0m[1m[32m
Apply complete! Resources: 0 added, 0 changed, 0 destroyed.[0m
[0m[1m[32m
Outputs:

[0mapi_server_ip = "ssh -i ~/.ssh/kijanikiosk-key.pem ubuntu@16.28.61.44"
instance_public_ips = {
  "api" = "16.28.61.44"
  "logs" = "13.246.22.123"
  "payments" = "13.245.117.73"
}
logs_server_ip = "ssh -i ~/.ssh/kijanikiosk-key.pem ubuntu@13.246.22.123"
payments_server_ip = "ssh -i ~/.ssh/kijanikiosk-key.pem ubuntu@13.245.117.73"
server_ips = {
  "api" = "16.28.61.44"
  "logs" = "13.246.22.123"
  "payments" = "13.245.117.73"
}
ssh_commands = {
  "api" = "ssh -i ~/.ssh/kijanikiosk-key.pem ubuntu@16.28.61.44"
  "logs" = "ssh -i ~/.ssh/kijanikiosk-key.pem ubuntu@13.246.22.123"
  "payments" = "ssh -i ~/.ssh/kijanikiosk-key.pem ubuntu@13.245.117.73"
}
== Extracting IPs to inventory ==
== Ansible playbook ==

PLAY [Configure KijaniKiosk servers] *******************************************

TASK [Gathering Facts] *********************************************************
ok: [payments-staging]
ok: [api-staging]
ok: [logs-staging]

TASK [Update apt cache] ********************************************************
ok: [payments-staging]
ok: [logs-staging]
ok: [api-staging]

TASK [Install required packages] ***********************************************
ok: [payments-staging]
ok: [logs-staging]
ok: [api-staging]

TASK [Create kijanikiosk system group] *****************************************
ok: [payments-staging]
ok: [logs-staging]
ok: [api-staging]

TASK [Create service account] **************************************************
ok: [payments-staging]
ok: [logs-staging]
ok: [api-staging]

TASK [Create application directory tree] ***************************************
ok: [payments-staging] => (item={'path': '/opt/kijanikiosk', 'owner': 'root', 'group': 'kijanikiosk', 'mode': '0755'})
ok: [logs-staging] => (item={'path': '/opt/kijanikiosk', 'owner': 'root', 'group': 'kijanikiosk', 'mode': '0755'})
ok: [api-staging] => (item={'path': '/opt/kijanikiosk', 'owner': 'root', 'group': 'kijanikiosk', 'mode': '0755'})
ok: [payments-staging] => (item={'path': '/opt/kijanikiosk/config', 'owner': 'root', 'group': 'kijanikiosk', 'mode': '0750'})
ok: [logs-staging] => (item={'path': '/opt/kijanikiosk/config', 'owner': 'root', 'group': 'kijanikiosk', 'mode': '0750'})
ok: [api-staging] => (item={'path': '/opt/kijanikiosk/config', 'owner': 'root', 'group': 'kijanikiosk', 'mode': '0750'})
ok: [payments-staging] => (item={'path': '/opt/kijanikiosk/shared/logs', 'owner': 'kk-api', 'group': 'kijanikiosk', 'mode': '2770'})
ok: [logs-staging] => (item={'path': '/opt/kijanikiosk/shared/logs', 'owner': 'kk-api', 'group': 'kijanikiosk', 'mode': '2770'})
ok: [api-staging] => (item={'path': '/opt/kijanikiosk/shared/logs', 'owner': 'kk-api', 'group': 'kijanikiosk', 'mode': '2770'})
ok: [payments-staging] => (item={'path': '/opt/kijanikiosk/scripts', 'owner': 'root', 'group': 'root', 'mode': '0750'})
ok: [logs-staging] => (item={'path': '/opt/kijanikiosk/scripts', 'owner': 'root', 'group': 'root', 'mode': '0750'})
ok: [payments-staging] => (item={'path': '/opt/kijanikiosk/health', 'owner': 'kk-api', 'group': 'kijanikiosk', 'mode': '0750'})
ok: [api-staging] => (item={'path': '/opt/kijanikiosk/scripts', 'owner': 'root', 'group': 'root', 'mode': '0750'})
ok: [logs-staging] => (item={'path': '/opt/kijanikiosk/health', 'owner': 'kk-api', 'group': 'kijanikiosk', 'mode': '0750'})
ok: [payments-staging] => (item={'path': '/opt/kijanikiosk/api', 'owner': 'kk-api', 'group': 'kijanikiosk', 'mode': '0750'})
ok: [api-staging] => (item={'path': '/opt/kijanikiosk/health', 'owner': 'kk-api', 'group': 'kijanikiosk', 'mode': '0750'})
ok: [logs-staging] => (item={'path': '/opt/kijanikiosk/api', 'owner': 'kk-api', 'group': 'kijanikiosk', 'mode': '0750'})
ok: [api-staging] => (item={'path': '/opt/kijanikiosk/api', 'owner': 'kk-api', 'group': 'kijanikiosk', 'mode': '0750'})

TASK [Deploy environment file] *************************************************
ok: [payments-staging]
ok: [logs-staging]
ok: [api-staging]

TASK [Deploy systemd unit file] ************************************************
ok: [payments-staging]
ok: [logs-staging]
ok: [api-staging]

TASK [Flush handlers to reload systemd] ****************************************

TASK [Flush handlers to reload systemd] ****************************************

TASK [Flush handlers to reload systemd] ****************************************

TASK [Enable service] **********************************************************
ok: [payments-staging]
ok: [logs-staging]
ok: [api-staging]

TASK [Set ufw default deny incoming] *******************************************
ok: [payments-staging]
ok: [logs-staging]
ok: [api-staging]

TASK [Allow SSH] ***************************************************************
ok: [payments-staging]
ok: [logs-staging]
ok: [api-staging]

TASK [Allow HTTP] **************************************************************
ok: [payments-staging]
ok: [logs-staging]
ok: [api-staging]

TASK [Allow service port on loopback] ******************************************
ok: [payments-staging]
ok: [logs-staging]
ok: [api-staging]

TASK [Create persistent journal directory] *************************************
ok: [payments-staging]
ok: [logs-staging]
ok: [api-staging]

TASK [Deploy logrotate configuration] ******************************************
ok: [payments-staging]
ok: [logs-staging]
ok: [api-staging]

PLAY RECAP *********************************************************************
api-staging                : ok=15   changed=0    unreachable=0    failed=0    skipped=0    rescued=0    ignored=0   
logs-staging               : ok=15   changed=0    unreachable=0    failed=0    skipped=0    rescued=0    ignored=0   
payments-staging           : ok=15   changed=0    unreachable=0    failed=0    skipped=0    rescued=0    ignored=0   

