[INFO] === Pre-flight Checks ===
[ OK ] Environment checks passed.
[INFO] === Phase 1: Package Installation ===
Reading package lists...
Building dependency tree...
Reading state information...
curl is already the newest version (8.5.0-2ubuntu10.10).
gnupg is already the newest version (2.4.4-2ubuntu17.4).
acl is already the newest version (2.3.2-1build1.1).
ufw is already the newest version (0.36.2-6).
The following package was automatically installed and is no longer required:
  socat
Use 'sudo apt autoremove' to remove it.
0 upgraded, 0 newly installed, 0 to remove and 2 not upgraded.
[ OK ] Node.js already installed: v18.19.1
nodejs was already set on hold.
[ OK ] nginx already installed.
nginx was already set on hold.
[ OK ] Installed nginx 1.24.0 (Ubuntu) and Node.js v18.19.1
[INFO] === Phase 2: Service Accounts ===
[ OK ] Service accounts and group membership configured successfully.
[INFO] === Phase 3: Directory Structure ===
[ OK ] Directory structure, permissions, and ACLs configured successfully.
[INFO] === Phase 4: systemd Unit Files ===
[ OK ] kk-api systemd service installed and enabled.
[INFO] === Phase 5: Firewall Configuration ===
Backing up 'user.rules' to '/etc/ufw/user.rules.20260707_195308'
Backing up 'before.rules' to '/etc/ufw/before.rules.20260707_195308'
Backing up 'after.rules' to '/etc/ufw/after.rules.20260707_195308'
Backing up 'user6.rules' to '/etc/ufw/user6.rules.20260707_195308'
Backing up 'before6.rules' to '/etc/ufw/before6.rules.20260707_195308'
Backing up 'after6.rules' to '/etc/ufw/after6.rules.20260707_195308'

Default incoming policy changed to 'deny'
(be sure to update your rules accordingly)
Default outgoing policy changed to 'allow'
(be sure to update your rules accordingly)
Rules updated
Rules updated (v6)
Rules updated
Rules updated (v6)
Firewall is active and enabled on system startup
Status: active
Logging: on (low)
Default: deny (incoming), allow (outgoing), deny (routed)
New profiles: skip

To                         Action      From
--                         ------      ----
22/tcp                     ALLOW IN    Anywhere                  
80/tcp                     ALLOW IN    Anywhere                  
22/tcp (v6)                ALLOW IN    Anywhere (v6)             
80/tcp (v6)                ALLOW IN    Anywhere (v6)             

[ OK ] Firewall configured successfully.
[INFO] === Phase 6: Post-Provisioning Verification ===
[ OK ] Account exists: kk-api
[ OK ] Account exists: kk-payments
[ OK ] Account exists: kk-logs
[ OK ] Directory exists: /opt/kijanikiosk/api
[ OK ] Directory exists: /opt/kijanikiosk/payments
[ OK ] Directory exists: /opt/kijanikiosk/logs
[ OK ] Directory exists: /opt/kijanikiosk/config
[ OK ] Directory exists: /opt/kijanikiosk/scripts
[ OK ] Directory exists: /opt/kijanikiosk/shared
[ OK ] Directory exists: /opt/kijanikiosk/shared/logs
[ OK ] No SUID files found in /opt/kijanikiosk
[ OK ] nginx is held
[ OK ] nodejs is held
[ OK ] kk-api.service is enabled
[ OK ] All verification checks passed.
[ OK ] KijaniKiosk provisioning completed successfully.
